just for netlify test
